../Core/Src/main.c:81:5:main	8	static
../Core/Src/main.c:135:6:SystemClock_Config	88	static
../Core/Src/main.c:180:6:PeriphCommonClock_Config	32	static
../Core/Src/main.c:201:13:MX_I2C1_Init	8	static
../Core/Src/main.c:235:13:MX_I2S2_Init	8	static
../Core/Src/main.c:269:13:MX_I2S3_Init	8	static
../Core/Src/main.c:303:13:MX_SPI1_Init	8	static
../Core/Src/main.c:341:13:MX_GPIO_Init	56	static
../Core/Src/main.c:428:6:HAL_TIM_PeriodElapsedCallback	16	static
../Core/Src/main.c:445:6:Error_Handler	4	static,ignoring_inline_asm
